error: expected {a}{a}, found {root}{root}
  --> tests/integrity/fail/fn/fn.1.rs:10:16
   |
10 |     let x = id(5);
   |                ^
